// Vitest Snapshot v1, https://vitest.dev/guide/snapshot.html

exports[`App UI > renders mobile snapshots for home and dashboard > mobile-dashboard 1`] = `
<div
  class="MuiContainer-root MuiContainer-maxWidthXl editorial-shell css-1f85paz-MuiContainer-root"
>
  <div
    class="MuiStack-root css-1ostxoo-MuiStack-root"
  >
    <div
      class="MuiStack-root css-23qltd-MuiStack-root"
    >
      <div
        class="stagger-reveal MuiBox-root css-0"
      >
        <h3
          class="MuiTypography-root MuiTypography-h3 section-title css-13msox4-MuiTypography-root"
        >
          Leave Operations Studio
        </h3>
        <p
          class="MuiTypography-root MuiTypography-body1 css-k16oju-MuiTypography-root"
        >
          Editorial dashboard for approvals, balance governance, and export-ready reporting.
        </p>
      </div>
      <div
        class="MuiStack-root css-kdc3n8-MuiStack-root"
      >
        <button
          class="MuiButtonBase-root MuiButton-root MuiButton-outlined MuiButton-outlinedPrimary MuiButton-sizeMedium MuiButton-outlinedSizeMedium MuiButton-colorPrimary MuiButton-root MuiButton-outlined MuiButton-outlinedPrimary MuiButton-sizeMedium MuiButton-outlinedSizeMedium MuiButton-colorPrimary css-1blvszr-MuiButtonBase-root-MuiButton-root"
          tabindex="0"
          type="button"
        >
          <span
            class="MuiButton-icon MuiButton-startIcon MuiButton-iconSizeMedium css-1sh91j5-MuiButton-startIcon"
          >
            <svg
              aria-hidden="true"
              class="MuiSvgIcon-root MuiSvgIcon-fontSizeMedium css-1umw9bq-MuiSvgIcon-root"
              data-testid="HomeRoundedIcon"
              focusable="false"
              viewBox="0 0 24 24"
            >
              <path
                d="M10 19v-5h4v5c0 .55.45 1 1 1h3c.55 0 1-.45 1-1v-7h1.7c.46 0 .68-.57.33-.87L12.67 3.6c-.38-.34-.96-.34-1.34 0l-8.36 7.53c-.34.3-.13.87.33.87H5v7c0 .55.45 1 1 1h3c.55 0 1-.45 1-1"
              />
            </svg>
          </span>
          Home
        </button>
      </div>
    </div>
    <div
      class="MuiStack-root frosted-block stagger-reveal delay-2 css-1bldv69-MuiStack-root"
    >
      <span
        class="MuiTypography-root MuiTypography-caption css-wpee1y-MuiTypography-root"
      >
        Workspace Controls
      </span>
      <div
        class="MuiFormControl-root css-zctqko-MuiFormControl-root"
      >
        <label
          class="MuiFormLabel-root MuiInputLabel-root MuiInputLabel-formControl MuiInputLabel-animated MuiInputLabel-shrink MuiInputLabel-sizeSmall MuiInputLabel-outlined MuiFormLabel-colorPrimary MuiFormLabel-filled MuiInputLabel-root MuiInputLabel-formControl MuiInputLabel-animated MuiInputLabel-shrink MuiInputLabel-sizeSmall MuiInputLabel-outlined css-hvjq6j-MuiFormLabel-root-MuiInputLabel-root"
          data-shrink="true"
          id="role-select-label"
        >
          Role
        </label>
        <div
          class="MuiInputBase-root MuiOutlinedInput-root MuiInputBase-colorPrimary MuiInputBase-formControl MuiInputBase-sizeSmall MuiSelect-root css-sc8y68-MuiInputBase-root-MuiOutlinedInput-root-MuiSelect-root"
        >
          <div
            aria-expanded="false"
            aria-haspopup="listbox"
            aria-labelledby="role-select-label"
            class="MuiSelect-select MuiSelect-outlined MuiInputBase-input MuiOutlinedInput-input MuiInputBase-inputSizeSmall css-trm6af-MuiNativeSelect-root-MuiSelect-select-MuiInputBase-input-MuiOutlinedInput-input"
            role="combobox"
            tabindex="0"
          >
            Employee
          </div>
          <input
            aria-hidden="true"
            aria-invalid="false"
            class="MuiSelect-nativeInput css-j0riat-MuiSelect-nativeInput"
            tabindex="-1"
            value="Employee"
          />
          <svg
            aria-hidden="true"
            class="MuiSvgIcon-root MuiSvgIcon-fontSizeMedium MuiSelect-icon MuiSelect-iconOutlined css-1rfqz7c-MuiSvgIcon-root-MuiNativeSelect-root-MuiSelect-icon"
            data-testid="ArrowDropDownIcon"
            focusable="false"
            viewBox="0 0 24 24"
          >
            <path
              d="M7 10l5 5 5-5z"
            />
          </svg>
          <fieldset
            aria-hidden="true"
            class="MuiOutlinedInput-notchedOutline css-18p5xg2-MuiNotchedOutlined-root-MuiOutlinedInput-notchedOutline"
          >
            <legend
              class="css-ex8a5f-MuiNotchedOutlined-root"
            >
              <span>
                Role
              </span>
            </legend>
          </fieldset>
        </div>
      </div>
      <button
        class="MuiButtonBase-root MuiButton-root MuiButton-outlined MuiButton-outlinedPrimary MuiButton-sizeMedium MuiButton-outlinedSizeMedium MuiButton-colorPrimary MuiButton-root MuiButton-outlined MuiButton-outlinedPrimary MuiButton-sizeMedium MuiButton-outlinedSizeMedium MuiButton-colorPrimary css-1blvszr-MuiButtonBase-root-MuiButton-root"
        tabindex="0"
        type="button"
      >
        <span
          class="MuiButton-icon MuiButton-startIcon MuiButton-iconSizeMedium css-1sh91j5-MuiButton-startIcon"
        >
          <svg
            aria-hidden="true"
            class="MuiSvgIcon-root MuiSvgIcon-fontSizeMedium css-1umw9bq-MuiSvgIcon-root"
            data-testid="DownloadIcon"
            focusable="false"
            viewBox="0 0 24 24"
          >
            <path
              d="M5 20h14v-2H5zM19 9h-4V3H9v6H5l7 7z"
            />
          </svg>
        </span>
        Export CSV
      </button>
      <button
        class="MuiButtonBase-root MuiButton-root MuiButton-outlined MuiButton-outlinedPrimary MuiButton-sizeMedium MuiButton-outlinedSizeMedium MuiButton-colorPrimary MuiButton-root MuiButton-outlined MuiButton-outlinedPrimary MuiButton-sizeMedium MuiButton-outlinedSizeMedium MuiButton-colorPrimary css-1blvszr-MuiButtonBase-root-MuiButton-root"
        tabindex="0"
        type="button"
      >
        <span
          class="MuiButton-icon MuiButton-startIcon MuiButton-iconSizeMedium css-1sh91j5-MuiButton-startIcon"
        >
          <svg
            aria-hidden="true"
            class="MuiSvgIcon-root MuiSvgIcon-fontSizeMedium css-1umw9bq-MuiSvgIcon-root"
            data-testid="PictureAsPdfIcon"
            focusable="false"
            viewBox="0 0 24 24"
          >
            <path
              d="M20 2H8c-1.1 0-2 .9-2 2v12c0 1.1.9 2 2 2h12c1.1 0 2-.9 2-2V4c0-1.1-.9-2-2-2m-8.5 7.5c0 .83-.67 1.5-1.5 1.5H9v2H7.5V7H10c.83 0 1.5.67 1.5 1.5zm5 2c0 .83-.67 1.5-1.5 1.5h-2.5V7H15c.83 0 1.5.67 1.5 1.5zm4-3H19v1h1.5V11H19v2h-1.5V7h3zM9 9.5h1v-1H9zM4 6H2v14c0 1.1.9 2 2 2h14v-2H4zm10 5.5h1v-3h-1z"
            />
          </svg>
        </span>
        Export PDF
      </button>
      <button
        class="MuiButtonBase-root MuiButton-root MuiButton-outlined MuiButton-outlinedPrimary MuiButton-sizeMedium MuiButton-outlinedSizeMedium MuiButton-colorPrimary Mui-disabled MuiButton-root MuiButton-outlined MuiButton-outlinedPrimary MuiButton-sizeMedium MuiButton-outlinedSizeMedium MuiButton-colorPrimary css-1blvszr-MuiButtonBase-root-MuiButton-root"
        disabled=""
        tabindex="-1"
        type="button"
      >
        <span
          class="MuiButton-icon MuiButton-startIcon MuiButton-iconSizeMedium css-1sh91j5-MuiButton-startIcon"
        >
          <svg
            aria-hidden="true"
            class="MuiSvgIcon-root MuiSvgIcon-fontSizeMedium css-1umw9bq-MuiSvgIcon-root"
            data-testid="FileUploadIcon"
            focusable="false"
            viewBox="0 0 24 24"
          >
            <path
              d="M9 16h6v-6h4l-7-7-7 7h4zm-4 2h14v2H5z"
            />
          </svg>
        </span>
        Import CSV
      </button>
      <button
        class="MuiButtonBase-root MuiButton-root MuiButton-outlined MuiButton-outlinedPrimary MuiButton-sizeMedium MuiButton-outlinedSizeMedium MuiButton-colorPrimary MuiButton-root MuiButton-outlined MuiButton-outlinedPrimary MuiButton-sizeMedium MuiButton-outlinedSizeMedium MuiButton-colorPrimary css-1blvszr-MuiButtonBase-root-MuiButton-root"
        tabindex="0"
        type="button"
      >
        <span
          class="MuiButton-icon MuiButton-startIcon MuiButton-iconSizeMedium css-1sh91j5-MuiButton-startIcon"
        >
          <svg
            aria-hidden="true"
            class="MuiSvgIcon-root MuiSvgIcon-fontSizeMedium css-1umw9bq-MuiSvgIcon-root"
            data-testid="DescriptionIcon"
            focusable="false"
            viewBox="0 0 24 24"
          >
            <path
              d="M14 2H6c-1.1 0-1.99.9-1.99 2L4 20c0 1.1.89 2 1.99 2H18c1.1 0 2-.9 2-2V8zm2 16H8v-2h8zm0-4H8v-2h8zm-3-5V3.5L18.5 9z"
            />
          </svg>
        </span>
        CSV Template
      </button>
      <button
        class="MuiButtonBase-root MuiButton-root MuiButton-contained MuiButton-containedPrimary MuiButton-sizeMedium MuiButton-containedSizeMedium MuiButton-colorPrimary MuiButton-root MuiButton-contained MuiButton-containedPrimary MuiButton-sizeMedium MuiButton-containedSizeMedium MuiButton-colorPrimary cta-strong css-74d805-MuiButtonBase-root-MuiButton-root"
        tabindex="0"
        type="button"
      >
        <span
          class="MuiButton-icon MuiButton-startIcon MuiButton-iconSizeMedium css-1sh91j5-MuiButton-startIcon"
        >
          <svg
            aria-hidden="true"
            class="MuiSvgIcon-root MuiSvgIcon-fontSizeMedium css-1umw9bq-MuiSvgIcon-root"
            data-testid="AddIcon"
            focusable="false"
            viewBox="0 0 24 24"
          >
            <path
              d="M19 13h-6v6h-2v-6H5v-2h6V5h2v6h6z"
            />
          </svg>
        </span>
        Add New Leave Request
      </button>
    </div>
    <input
      accept=".csv,text/csv"
      aria-label="Import CSV file"
      style="display: none;"
      type="file"
    />
    <div
      class="MuiPaper-root MuiPaper-elevation MuiPaper-rounded MuiPaper-elevation1 hero-panel stagger-reveal delay-3 css-jy2cf2-MuiPaper-root"
      style="--Paper-shadow: 0px 2px 1px -1px rgba(0,0,0,0.2),0px 1px 1px 0px rgba(0,0,0,0.14),0px 1px 3px 0px rgba(0,0,0,0.12);"
    >
      <h6
        class="MuiTypography-root MuiTypography-h6 section-title css-18xxwmt-MuiTypography-root"
      >
        Precision Filters
      </h6>
      <div
        class="MuiStack-root css-1i67jkc-MuiStack-root"
      >
        <div
          class="MuiFormControl-root MuiFormControl-fullWidth MuiTextField-root css-cmpglg-MuiFormControl-root-MuiTextField-root"
        >
          <label
            class="MuiFormLabel-root MuiInputLabel-root MuiInputLabel-formControl MuiInputLabel-animated MuiInputLabel-outlined MuiFormLabel-colorPrimary MuiInputLabel-root MuiInputLabel-formControl MuiInputLabel-animated MuiInputLabel-outlined css-19qnlrw-MuiFormLabel-root-MuiInputLabel-root"
            data-shrink="false"
            for="_r_23_"
            id="_r_23_-label"
          >
            Global Search
          </label>
          <div
            class="MuiInputBase-root MuiOutlinedInput-root MuiInputBase-colorPrimary MuiInputBase-fullWidth MuiInputBase-formControl css-1blp12k-MuiInputBase-root-MuiOutlinedInput-root"
          >
            <input
              aria-invalid="false"
              class="MuiInputBase-input MuiOutlinedInput-input css-16wblaj-MuiInputBase-input-MuiOutlinedInput-input"
              id="_r_23_"
              placeholder="Search by user, leave type, status, reason, or id"
              type="text"
              value=""
            />
            <fieldset
              aria-hidden="true"
              class="MuiOutlinedInput-notchedOutline css-18p5xg2-MuiNotchedOutlined-root-MuiOutlinedInput-notchedOutline"
            >
              <legend
                class="css-1n64csd-MuiNotchedOutlined-root"
              >
                <span>
                  Global Search
                </span>
              </legend>
            </fieldset>
          </div>
        </div>
        <div
          class="MuiFormControl-root css-fi9q4j-MuiFormControl-root"
        >
          <label
            class="MuiFormLabel-root MuiInputLabel-root MuiInputLabel-formControl MuiInputLabel-animated MuiInputLabel-shrink MuiInputLabel-outlined MuiFormLabel-colorPrimary MuiFormLabel-filled MuiInputLabel-root MuiInputLabel-formControl MuiInputLabel-animated MuiInputLabel-shrink MuiInputLabel-outlined css-113d811-MuiFormLabel-root-MuiInputLabel-root"
            data-shrink="true"
            id="filter-user-label"
          >
            User
          </label>
          <div
            class="MuiInputBase-root MuiOutlinedInput-root MuiInputBase-colorPrimary MuiInputBase-formControl MuiSelect-root css-sc8y68-MuiInputBase-root-MuiOutlinedInput-root-MuiSelect-root"
          >
            <div
              aria-expanded="false"
              aria-haspopup="listbox"
              aria-labelledby="filter-user-label"
              class="MuiSelect-select MuiSelect-outlined MuiInputBase-input MuiOutlinedInput-input css-18jp67o-MuiNativeSelect-root-MuiSelect-select-MuiInputBase-input-MuiOutlinedInput-input"
              role="combobox"
              tabindex="0"
            >
              All Users
            </div>
            <input
              aria-hidden="true"
              aria-invalid="false"
              class="MuiSelect-nativeInput css-j0riat-MuiSelect-nativeInput"
              tabindex="-1"
              value="all"
            />
            <svg
              aria-hidden="true"
              class="MuiSvgIcon-root MuiSvgIcon-fontSizeMedium MuiSelect-icon MuiSelect-iconOutlined css-1rfqz7c-MuiSvgIcon-root-MuiNativeSelect-root-MuiSelect-icon"
              data-testid="ArrowDropDownIcon"
              focusable="false"
              viewBox="0 0 24 24"
            >
              <path
                d="M7 10l5 5 5-5z"
              />
            </svg>
            <fieldset
              aria-hidden="true"
              class="MuiOutlinedInput-notchedOutline css-18p5xg2-MuiNotchedOutlined-root-MuiOutlinedInput-notchedOutline"
            >
              <legend
                class="css-ex8a5f-MuiNotchedOutlined-root"
              >
                <span>
                  User
                </span>
              </legend>
            </fieldset>
          </div>
        </div>
        <div
          class="MuiFormControl-root css-fi9q4j-MuiFormControl-root"
        >
          <label
            class="MuiFormLabel-root MuiInputLabel-root MuiInputLabel-formControl MuiInputLabel-animated MuiInputLabel-shrink MuiInputLabel-outlined MuiFormLabel-colorPrimary MuiFormLabel-filled MuiInputLabel-root MuiInputLabel-formControl MuiInputLabel-animated MuiInputLabel-shrink MuiInputLabel-outlined css-113d811-MuiFormLabel-root-MuiInputLabel-root"
            data-shrink="true"
            id="filter-status-label"
          >
            Status
          </label>
          <div
            class="MuiInputBase-root MuiOutlinedInput-root MuiInputBase-colorPrimary MuiInputBase-formControl MuiSelect-root css-sc8y68-MuiInputBase-root-MuiOutlinedInput-root-MuiSelect-root"
          >
            <div
              aria-expanded="false"
              aria-haspopup="listbox"
              aria-labelledby="filter-status-label"
              class="MuiSelect-select MuiSelect-outlined MuiInputBase-input MuiOutlinedInput-input css-18jp67o-MuiNativeSelect-root-MuiSelect-select-MuiInputBase-input-MuiOutlinedInput-input"
              role="combobox"
              tabindex="0"
            >
              All Statuses
            </div>
            <input
              aria-hidden="true"
              aria-invalid="false"
              class="MuiSelect-nativeInput css-j0riat-MuiSelect-nativeInput"
              tabindex="-1"
              value="all"
            />
            <svg
              aria-hidden="true"
              class="MuiSvgIcon-root MuiSvgIcon-fontSizeMedium MuiSelect-icon MuiSelect-iconOutlined css-1rfqz7c-MuiSvgIcon-root-MuiNativeSelect-root-MuiSelect-icon"
              data-testid="ArrowDropDownIcon"
              focusable="false"
              viewBox="0 0 24 24"
            >
              <path
                d="M7 10l5 5 5-5z"
              />
            </svg>
            <fieldset
              aria-hidden="true"
              class="MuiOutlinedInput-notchedOutline css-18p5xg2-MuiNotchedOutlined-root-MuiOutlinedInput-notchedOutline"
            >
              <legend
                class="css-ex8a5f-MuiNotchedOutlined-root"
              >
                <span>
                  Status
                </span>
              </legend>
            </fieldset>
          </div>
        </div>
        <div
          class="MuiFormControl-root MuiTextField-root css-1xp5r68-MuiFormControl-root-MuiTextField-root"
        >
          <label
            class="MuiFormLabel-root MuiInputLabel-root MuiInputLabel-formControl MuiInputLabel-animated MuiInputLabel-shrink MuiInputLabel-outlined MuiFormLabel-colorPrimary MuiInputLabel-root MuiInputLabel-formControl MuiInputLabel-animated MuiInputLabel-shrink MuiInputLabel-outlined css-113d811-MuiFormLabel-root-MuiInputLabel-root"
            data-shrink="true"
            for="_r_26_"
            id="_r_26_-label"
          >
            Start Date From
          </label>
          <div
            class="MuiInputBase-root MuiOutlinedInput-root MuiInputBase-colorPrimary MuiInputBase-formControl css-quhxjy-MuiInputBase-root-MuiOutlinedInput-root"
          >
            <input
              aria-invalid="false"
              class="MuiInputBase-input MuiOutlinedInput-input css-16wblaj-MuiInputBase-input-MuiOutlinedInput-input"
              id="_r_26_"
              type="datetime-local"
              value=""
            />
            <fieldset
              aria-hidden="true"
              class="MuiOutlinedInput-notchedOutline css-18p5xg2-MuiNotchedOutlined-root-MuiOutlinedInput-notchedOutline"
            >
              <legend
                class="css-ex8a5f-MuiNotchedOutlined-root"
              >
                <span>
                  Start Date From
                </span>
              </legend>
            </fieldset>
          </div>
        </div>
        <div
          class="MuiFormControl-root MuiTextField-root css-1xp5r68-MuiFormControl-root-MuiTextField-root"
        >
          <label
            class="MuiFormLabel-root MuiInputLabel-root MuiInputLabel-formControl MuiInputLabel-animated MuiInputLabel-shrink MuiInputLabel-outlined MuiFormLabel-colorPrimary MuiInputLabel-root MuiInputLabel-formControl MuiInputLabel-animated MuiInputLabel-shrink MuiInputLabel-outlined css-113d811-MuiFormLabel-root-MuiInputLabel-root"
            data-shrink="true"
            for="_r_27_"
            id="_r_27_-label"
          >
            End Date To
          </label>
          <div
            class="MuiInputBase-root MuiOutlinedInput-root MuiInputBase-colorPrimary MuiInputBase-formControl css-quhxjy-MuiInputBase-root-MuiOutlinedInput-root"
          >
            <input
              aria-invalid="false"
              class="MuiInputBase-input MuiOutlinedInput-input css-16wblaj-MuiInputBase-input-MuiOutlinedInput-input"
              id="_r_27_"
              type="datetime-local"
              value=""
            />
            <fieldset
              aria-hidden="true"
              class="MuiOutlinedInput-notchedOutline css-18p5xg2-MuiNotchedOutlined-root-MuiOutlinedInput-notchedOutline"
            >
              <legend
                class="css-ex8a5f-MuiNotchedOutlined-root"
              >
                <span>
                  End Date To
                </span>
              </legend>
            </fieldset>
          </div>
        </div>
      </div>
      <div
        class="MuiStack-root css-17sa6kv-MuiStack-root"
      >
        <span
          class="MuiSwitch-root MuiSwitch-sizeMedium css-rehya9-MuiSwitch-root"
        >
          <span
            class="MuiButtonBase-root MuiSwitch-switchBase MuiSwitch-colorPrimary PrivateSwitchBase-root MuiSwitch-switchBase MuiSwitch-colorPrimary css-aqlqb4-MuiButtonBase-root-MuiSwitchBase-root-MuiSwitch-switchBase"
          >
            <input
              class="PrivateSwitchBase-input MuiSwitch-input css-12xagqm-MuiSwitchBase-root"
              role="switch"
              type="checkbox"
            />
            <span
              class="MuiSwitch-thumb css-17jyosd-MuiSwitch-thumb"
            />
          </span>
          <span
            class="MuiSwitch-track css-tj8d99-MuiSwitch-track"
          />
        </span>
        <p
          class="MuiTypography-root MuiTypography-body2 css-1gmqdn8-MuiTypography-root"
        >
          Client pulse
        </p>
      </div>
    </div>
    <div
      class="MuiPaper-root MuiPaper-elevation MuiPaper-rounded MuiPaper-elevation1 hero-panel stagger-reveal delay-4 css-km07rp-MuiPaper-root"
      style="--Paper-shadow: 0px 2px 1px -1px rgba(0,0,0,0.2),0px 1px 1px 0px rgba(0,0,0,0.14),0px 1px 3px 0px rgba(0,0,0,0.12);"
    >
      <h6
        class="MuiTypography-root MuiTypography-h6 section-title css-q8ym30-MuiTypography-root"
      >
        Request Ledger
      </h6>
      <div
        class="MuiTableContainer-root css-19aj490-MuiTableContainer-root"
      >
        <table
          class="MuiTable-root MuiTable-stickyHeader css-pvu7mv-MuiTable-root"
        >
          <thead
            class="MuiTableHead-root css-1a7iywq-MuiTableHead-root"
          >
            <tr
              class="MuiTableRow-root MuiTableRow-head css-1xtozoh-MuiTableRow-root"
            >
              <th
                class="MuiTableCell-root MuiTableCell-head MuiTableCell-stickyHeader MuiTableCell-sizeSmall css-9iq4h1-MuiTableCell-root"
                scope="col"
              >
                <button
                  class="MuiButtonBase-root MuiButton-root MuiButton-text MuiButton-textPrimary MuiButton-sizeSmall MuiButton-textSizeSmall MuiButton-colorPrimary MuiButton-root MuiButton-text MuiButton-textPrimary MuiButton-sizeSmall MuiButton-textSizeSmall MuiButton-colorPrimary css-1ccsd5i-MuiButtonBase-root-MuiButton-root"
                  tabindex="0"
                  type="button"
                >
                  User ⇅
                </button>
              </th>
              <th
                class="MuiTableCell-root MuiTableCell-head MuiTableCell-stickyHeader MuiTableCell-sizeSmall css-9iq4h1-MuiTableCell-root"
                scope="col"
              >
                <button
                  class="MuiButtonBase-root MuiButton-root MuiButton-text MuiButton-textPrimary MuiButton-sizeSmall MuiButton-textSizeSmall MuiButton-colorPrimary MuiButton-root MuiButton-text MuiButton-textPrimary MuiButton-sizeSmall MuiButton-textSizeSmall MuiButton-colorPrimary css-1ccsd5i-MuiButtonBase-root-MuiButton-root"
                  tabindex="0"
                  type="button"
                >
                  Client ⇅
                </button>
              </th>
              <th
                class="MuiTableCell-root MuiTableCell-head MuiTableCell-stickyHeader MuiTableCell-sizeSmall css-9iq4h1-MuiTableCell-root"
                scope="col"
              >
                <button
                  class="MuiButtonBase-root MuiButton-root MuiButton-text MuiButton-textPrimary MuiButton-sizeSmall MuiButton-textSizeSmall MuiButton-colorPrimary MuiButton-root MuiButton-text MuiButton-textPrimary MuiButton-sizeSmall MuiButton-textSizeSmall MuiButton-colorPrimary css-1ccsd5i-MuiButtonBase-root-MuiButton-root"
                  tabindex="0"
                  type="button"
                >
                  Leave Type ⇅
                </button>
              </th>
              <th
                class="MuiTableCell-root MuiTableCell-head MuiTableCell-stickyHeader MuiTableCell-sizeSmall css-9iq4h1-MuiTableCell-root"
                scope="col"
              >
                <button
                  class="MuiButtonBase-root MuiButton-root MuiButton-text MuiButton-textPrimary MuiButton-sizeSmall MuiButton-textSizeSmall MuiButton-colorPrimary MuiButton-root MuiButton-text MuiButton-textPrimary MuiButton-sizeSmall MuiButton-textSizeSmall MuiButton-colorPrimary css-1ccsd5i-MuiButtonBase-root-MuiButton-root"
                  tabindex="0"
                  type="button"
                >
                  Start Date ↑
                </button>
              </th>
              <th
                class="MuiTableCell-root MuiTableCell-head MuiTableCell-stickyHeader MuiTableCell-sizeSmall css-9iq4h1-MuiTableCell-root"
                scope="col"
              >
                <button
                  class="MuiButtonBase-root MuiButton-root MuiButton-text MuiButton-textPrimary MuiButton-sizeSmall MuiButton-textSizeSmall MuiButton-colorPrimary MuiButton-root MuiButton-text MuiButton-textPrimary MuiButton-sizeSmall MuiButton-textSizeSmall MuiButton-colorPrimary css-1ccsd5i-MuiButtonBase-root-MuiButton-root"
                  tabindex="0"
                  type="button"
                >
                  End Date ⇅
                </button>
              </th>
              <th
                class="MuiTableCell-root MuiTableCell-head MuiTableCell-stickyHeader MuiTableCell-sizeSmall css-9iq4h1-MuiTableCell-root"
                scope="col"
              >
                <button
                  class="MuiButtonBase-root MuiButton-root MuiButton-text MuiButton-textPrimary MuiButton-sizeSmall MuiButton-textSizeSmall MuiButton-colorPrimary MuiButton-root MuiButton-text MuiButton-textPrimary MuiButton-sizeSmall MuiButton-textSizeSmall MuiButton-colorPrimary css-1ccsd5i-MuiButtonBase-root-MuiButton-root"
                  tabindex="0"
                  type="button"
                >
                  Days ⇅
                </button>
              </th>
              <th
                class="MuiTableCell-root MuiTableCell-head MuiTableCell-stickyHeader MuiTableCell-sizeSmall css-9iq4h1-MuiTableCell-root"
                scope="col"
              >
                <button
                  class="MuiButtonBase-root MuiButton-root MuiButton-text MuiButton-textPrimary MuiButton-sizeSmall MuiButton-textSizeSmall MuiButton-colorPrimary MuiButton-root MuiButton-text MuiButton-textPrimary MuiButton-sizeSmall MuiButton-textSizeSmall MuiButton-colorPrimary css-1ccsd5i-MuiButtonBase-root-MuiButton-root"
                  tabindex="0"
                  type="button"
                >
                  Status ⇅
                </button>
              </th>
              <th
                class="MuiTableCell-root MuiTableCell-head MuiTableCell-stickyHeader MuiTableCell-sizeSmall css-9iq4h1-MuiTableCell-root"
                scope="col"
              >
                Reason
              </th>
            </tr>
          </thead>
          <tbody
            class="MuiTableBody-root css-gmh7jj-MuiTableBody-root"
          >
            <tr
              class="MuiTableRow-root MuiTableRow-hover ledger-row css-1oi7sgc-MuiTableRow-root"
            >
              <td
                class="MuiTableCell-root MuiTableCell-body MuiTableCell-sizeSmall css-jiabcu-MuiTableCell-root"
              >
                Alice Chen
              </td>
              <td
                class="MuiTableCell-root MuiTableCell-body MuiTableCell-sizeSmall css-jiabcu-MuiTableCell-root"
              >
                Acme Corp
              </td>
              <td
                class="MuiTableCell-root MuiTableCell-body MuiTableCell-sizeSmall css-jiabcu-MuiTableCell-root"
              >
                Vacation
              </td>
              <td
                class="MuiTableCell-root MuiTableCell-body MuiTableCell-sizeSmall css-jiabcu-MuiTableCell-root"
              >
                5/10/2026, 4:00:00 PM
              </td>
              <td
                class="MuiTableCell-root MuiTableCell-body MuiTableCell-sizeSmall css-jiabcu-MuiTableCell-root"
              >
                5/11/2026, 4:00:00 PM
              </td>
              <td
                class="MuiTableCell-root MuiTableCell-body MuiTableCell-sizeSmall css-jiabcu-MuiTableCell-root"
              >
                1.00
              </td>
              <td
                class="MuiTableCell-root MuiTableCell-body MuiTableCell-sizeSmall css-jiabcu-MuiTableCell-root"
              >
                <div
                  class="MuiChip-root MuiChip-filled MuiChip-sizeSmall MuiChip-colorWarning MuiChip-filledWarning interactive-chip css-6f6bgo-MuiChip-root"
                >
                  <span
                    class="MuiChip-label MuiChip-labelSmall css-eccknh-MuiChip-label"
                  >
                    Submitted
                  </span>
                </div>
              </td>
              <td
                class="MuiTableCell-root MuiTableCell-body MuiTableCell-sizeSmall css-qo65ra-MuiTableCell-root"
              >
                Family trip
              </td>
            </tr>
            <tr
              class="MuiTableRow-root MuiTableRow-hover ledger-row css-1oi7sgc-MuiTableRow-root"
            >
              <td
                class="MuiTableCell-root MuiTableCell-body MuiTableCell-sizeSmall css-jiabcu-MuiTableCell-root"
              >
                Ben Lin
              </td>
              <td
                class="MuiTableCell-root MuiTableCell-body MuiTableCell-sizeSmall css-jiabcu-MuiTableCell-root"
              >
                Acme Corp
              </td>
              <td
                class="MuiTableCell-root MuiTableCell-body MuiTableCell-sizeSmall css-jiabcu-MuiTableCell-root"
              >
                Sick
              </td>
              <td
                class="MuiTableCell-root MuiTableCell-body MuiTableCell-sizeSmall css-jiabcu-MuiTableCell-root"
              >
                5/15/2026, 4:00:00 PM
              </td>
              <td
                class="MuiTableCell-root MuiTableCell-body MuiTableCell-sizeSmall css-jiabcu-MuiTableCell-root"
              >
                5/16/2026, 4:00:00 PM
              </td>
              <td
                class="MuiTableCell-root MuiTableCell-body MuiTableCell-sizeSmall css-jiabcu-MuiTableCell-root"
              >
                1.00
              </td>
              <td
                class="MuiTableCell-root MuiTableCell-body MuiTableCell-sizeSmall css-jiabcu-MuiTableCell-root"
              >
                <div
                  class="MuiChip-root MuiChip-filled MuiChip-sizeSmall MuiChip-colorSuccess MuiChip-filledSuccess interactive-chip css-10iq40h-MuiChip-root"
                >
                  <span
                    class="MuiChip-label MuiChip-labelSmall css-eccknh-MuiChip-label"
                  >
                    Approved
                  </span>
                </div>
              </td>
              <td
                class="MuiTableCell-root MuiTableCell-body MuiTableCell-sizeSmall css-qo65ra-MuiTableCell-root"
              >
                Medical check
              </td>
            </tr>
          </tbody>
        </table>
      </div>
      <div
        class="MuiTablePagination-root css-7mt0f-MuiTablePagination-root"
      >
        <div
          class="MuiToolbar-root MuiToolbar-gutters MuiToolbar-regular MuiTablePagination-toolbar css-1gak8h1-MuiToolbar-root-MuiTablePagination-toolbar"
        >
          <div
            class="MuiTablePagination-spacer css-1wtxofq-MuiTablePagination-spacer"
          />
          <p
            class="MuiTablePagination-selectLabel css-s09cke-MuiTablePagination-selectLabel"
            id="_r_2g_"
          >
            Rows per page:
          </p>
          <div
            class="MuiInputBase-root MuiInputBase-colorPrimary MuiTablePagination-select MuiSelect-root MuiTablePagination-input css-oegngy-MuiInputBase-root-MuiTablePagination-select"
          >
            <div
              aria-expanded="false"
              aria-haspopup="listbox"
              aria-labelledby="_r_2g_ _r_2f_"
              class="MuiSelect-select MuiTablePagination-select MuiSelect-standard MuiInputBase-input css-18zjd9i-MuiNativeSelect-root-MuiSelect-select-MuiInputBase-input"
              id="_r_2f_"
              role="combobox"
              tabindex="0"
            >
              25
            </div>
            <input
              aria-hidden="true"
              aria-invalid="false"
              class="MuiSelect-nativeInput css-j0riat-MuiSelect-nativeInput"
              tabindex="-1"
              value="25"
            />
            <svg
              aria-hidden="true"
              class="MuiSvgIcon-root MuiSvgIcon-fontSizeMedium MuiSelect-icon MuiTablePagination-selectIcon MuiSelect-iconStandard css-ug7h84-MuiSvgIcon-root-MuiNativeSelect-root-MuiSelect-icon"
              data-testid="ArrowDropDownIcon"
              focusable="false"
              viewBox="0 0 24 24"
            >
              <path
                d="M7 10l5 5 5-5z"
              />
            </svg>
          </div>
          <p
            class="MuiTablePagination-displayedRows css-11cfq65-MuiTablePagination-displayedRows"
          >
            1–2 of 2
          </p>
          <div
            class="MuiTablePaginationActions-root MuiTablePagination-actions css-sjsoon-MuiTablePaginationActions-root"
          >
            <button
              aria-label="Go to previous page"
              class="MuiButtonBase-root Mui-disabled MuiIconButton-root Mui-disabled MuiIconButton-colorInherit MuiIconButton-sizeMedium css-h7cjts-MuiButtonBase-root-MuiIconButton-root"
              disabled=""
              tabindex="-1"
              title="Go to previous page"
              type="button"
            >
              <svg
                aria-hidden="true"
                class="MuiSvgIcon-root MuiSvgIcon-fontSizeMedium css-1umw9bq-MuiSvgIcon-root"
                data-testid="KeyboardArrowLeftIcon"
                focusable="false"
                viewBox="0 0 24 24"
              >
                <path
                  d="M15.41 16.09l-4.58-4.59 4.58-4.59L14 5.5l-6 6 6 6z"
                />
              </svg>
            </button>
            <button
              aria-label="Go to next page"
              class="MuiButtonBase-root Mui-disabled MuiIconButton-root Mui-disabled MuiIconButton-colorInherit MuiIconButton-sizeMedium css-h7cjts-MuiButtonBase-root-MuiIconButton-root"
              disabled=""
              tabindex="-1"
              title="Go to next page"
              type="button"
            >
              <svg
                aria-hidden="true"
                class="MuiSvgIcon-root MuiSvgIcon-fontSizeMedium css-1umw9bq-MuiSvgIcon-root"
                data-testid="KeyboardArrowRightIcon"
                focusable="false"
                viewBox="0 0 24 24"
              >
                <path
                  d="M8.59 16.34l4.58-4.59-4.58-4.59L10 5.75l6 6-6 6z"
                />
              </svg>
            </button>
          </div>
        </div>
      </div>
    </div>
  </div>
  <div
    class="MuiBox-root css-mg4yo"
  >
    <span
      class="MuiTypography-root MuiTypography-caption css-1374baf-MuiTypography-root"
    >
      By using this app, you agree to our
       
      <a
        class="MuiTypography-root MuiTypography-inherit MuiLink-root MuiLink-underlineAlways css-1orsvah-MuiTypography-root-MuiLink-root"
        href="privacy-security.html"
        rel="noopener noreferrer"
        target="_blank"
      >
        Privacy & Security Policy
      </a>
      .
    </span>
  </div>
</div>
`;

exports[`App UI > renders mobile snapshots for home and dashboard > mobile-home 1`] = `
<div
  class="MuiContainer-root MuiContainer-maxWidthXl editorial-shell css-1f85paz-MuiContainer-root"
>
  <div
    class="MuiStack-root css-1kqvpr9-MuiStack-root"
  >
    <div
      class="stagger-reveal MuiBox-root css-0"
    >
      <span
        class="hero-kicker"
      >
        Leave Atelier
      </span>
      <p
        class="MuiTypography-root MuiTypography-body1 hero-title css-rizt0-MuiTypography-root"
      >
        Approvals that feel less like admin, more like orchestration.
      </p>
      <p
        class="MuiTypography-root MuiTypography-body1 css-1uh5k1j-MuiTypography-root"
      >
        A designer-led leave workflow with intelligent validation, crisp reporting, and a dashboard your team will actually enjoy opening.
      </p>
    </div>
    <div
      class="MuiStack-root css-ttribl-MuiStack-root"
    >
      <div
        class="hero-panel stagger-reveal delay-1 MuiBox-root css-beemjp"
      >
        <h4
          class="MuiTypography-root MuiTypography-h4 section-title css-yuipb4-MuiTypography-root"
        >
          First Version Ready
        </h4>
        <p
          class="MuiTypography-root MuiTypography-body1 css-16cw87p-MuiTypography-root"
        >
          Validate leave rules, track balance, process approvals, and export polished reports from one unified control room.
        </p>
        <div
          class="MuiStack-root css-27dxjn-MuiStack-root"
        >
          <button
            class="MuiButtonBase-root MuiButton-root MuiButton-contained MuiButton-containedPrimary MuiButton-sizeLarge MuiButton-containedSizeLarge MuiButton-colorPrimary MuiButton-root MuiButton-contained MuiButton-containedPrimary MuiButton-sizeLarge MuiButton-containedSizeLarge MuiButton-colorPrimary cta-strong css-79zo2g-MuiButtonBase-root-MuiButton-root"
            tabindex="0"
            type="button"
          >
            Enter Dashboard
            <span
              class="MuiButton-icon MuiButton-endIcon MuiButton-iconSizeLarge css-3155yg-MuiButton-endIcon"
            >
              <svg
                aria-hidden="true"
                class="MuiSvgIcon-root MuiSvgIcon-fontSizeMedium css-1umw9bq-MuiSvgIcon-root"
                data-testid="ArrowForwardIcon"
                focusable="false"
                viewBox="0 0 24 24"
              >
                <path
                  d="m12 4-1.41 1.41L16.17 11H4v2h12.17l-5.58 5.59L12 20l8-8z"
                />
              </svg>
            </span>
          </button>
          <a
            class="MuiButtonBase-root MuiButton-root MuiButton-outlined MuiButton-outlinedPrimary MuiButton-sizeLarge MuiButton-outlinedSizeLarge MuiButton-colorPrimary MuiButton-root MuiButton-outlined MuiButton-outlinedPrimary MuiButton-sizeLarge MuiButton-outlinedSizeLarge MuiButton-colorPrimary css-1lbi7cf-MuiButtonBase-root-MuiButton-root"
            href="privacy-security.html"
            rel="noopener noreferrer"
            tabindex="0"
            target="_blank"
          >
            Review Privacy & Security
          </a>
        </div>
      </div>
      <div
        class="MuiStack-root css-1a6o2jy-MuiStack-root"
      >
        <div
          class="frosted-block stagger-reveal delay-2 MuiBox-root css-a24u5k"
        >
          <span
            class="MuiTypography-root MuiTypography-caption css-1859nt8-MuiTypography-root"
          >
            Total Requests
          </span>
          <h3
            class="MuiTypography-root MuiTypography-h3 section-title css-13msox4-MuiTypography-root"
          >
            2
          </h3>
        </div>
        <div
          class="frosted-block stagger-reveal delay-3 MuiBox-root css-a24u5k"
        >
          <span
            class="MuiTypography-root MuiTypography-caption css-1859nt8-MuiTypography-root"
          >
            Awaiting Decision
          </span>
          <h3
            class="MuiTypography-root MuiTypography-h3 section-title css-13msox4-MuiTypography-root"
          >
            1
          </h3>
        </div>
        <div
          class="frosted-block stagger-reveal delay-4 MuiBox-root css-a24u5k"
        >
          <span
            class="MuiTypography-root MuiTypography-caption css-1859nt8-MuiTypography-root"
          >
            Active Contributors
          </span>
          <h3
            class="MuiTypography-root MuiTypography-h3 section-title css-13msox4-MuiTypography-root"
          >
            2
          </h3>
        </div>
      </div>
    </div>
  </div>
  <div
    class="MuiBox-root css-mg4yo"
  >
    <span
      class="MuiTypography-root MuiTypography-caption css-1374baf-MuiTypography-root"
    >
      By using this app, you agree to our
       
      <a
        class="MuiTypography-root MuiTypography-inherit MuiLink-root MuiLink-underlineAlways css-1orsvah-MuiTypography-root-MuiLink-root"
        href="privacy-security.html"
        rel="noopener noreferrer"
        target="_blank"
      >
        Privacy & Security Policy
      </a>
      .
    </span>
  </div>
</div>
`;
